func Main()
  y0 = 0
  v0 = 12
  print(v0)
  return y0
