func Main()
  y0 = 0
  v0 = 12
  v1 = 21
  v2 = v0 + v1
  print(v2)
  return y0
