func Main()
  y0 = 0
  v0 = 4
  v1 = alloc(v0)
  v2 = 4
  vmt_A = alloc(v2)
  v3 = @A_run
  [vmt_A + 0] = v3
  [v1 + 0] = vmt_A
  if0 v1 goto v1Error_0
  goto v1End_1
  v1Error_0:
    error("null pointer")
  v1End_1:
    v4 = [v1 + 0]
    v5 = [v4 + 0]
    v6 = call v5(v1)
    print(v6)
    return y0
    func A_run(this)
      v7 = 42
      print(v7)
      v8 = 99
      return v8
