Exception in thread "main" java.lang.RuntimeException: Error: v13 = [this_Fac + 0]
Wrong argument type in Load
	at sparrow.visitor.Interpreter.visit(Interpreter.java:230)
	at sparrow.Load.accept(Load.java:18)
	at sparrow.visitor.Interpreter.stepUntilReturn(Interpreter.java:34)
	at sparrow.visitor.Interpreter.visit(Interpreter.java:367)
	at sparrow.Call.accept(Call.java:19)
	at sparrow.visitor.Interpreter.stepUntilReturn(Interpreter.java:34)
	at sparrow.visitor.Interpreter.visit(Interpreter.java:97)
	at sparrow.Program.accept(Program.java:15)
	at Main.main(Main.java:35)
