--- Error (Explicit) ---
Error: v95 = v93 * v96
Wrong argument type in Multiply
