Exception in thread "main" ParseException: Encountered " <IDENTIFIER> "Type "" at line 1, column 1.
Was expecting one of:
    <EOF> 
    "func" ...
    
	at SparrowParser.generateParseException(SparrowParser.java:1202)
	at SparrowParser.jj_consume_token(SparrowParser.java:1084)
	at SparrowParser.Program(SparrowParser.java:27)
	at Main.main(Main.java:25)
