14
15
16
17
100
14
8
15
16
10
17
100
14
8
1
15
16
10
17
