func Main()
  y0 = 0
  z0 = 12
  z1 = alloc(z0)
  z2 = 8
  vmt_B = alloc(z2)
  z3 = @A_init
  [vmt_B + 0] = z3
  z4 = @B_set
  [vmt_B + 4] = z4
  [z1 + 0] = vmt_B
  if0 z1 goto z1Error_0
  goto z1End_1
z1Error_0:
  error("null pointer")
z1End_1:
  a = z1
  z5 = 12
  z6 = alloc(z5)
  z7 = 8
  vmt_B = alloc(z7)
  z8 = @A_init
  [vmt_B + 0] = z8
  z9 = @B_set
  [vmt_B + 4] = z9
  [z6 + 0] = vmt_B
  if0 z6 goto z6Error_2
  goto z6End_3
z6Error_2:
  error("null pointer")
z6End_3:
  b = z6
  if0 a goto aError_4
  goto aEnd_5
aError_4:
  error("null pointer")
aEnd_5:
  if0 b goto bError_6
  goto bEnd_7
bError_6:
  error("null pointer")
bEnd_7:
  z10 = 42
  z11 = [b + 0]
  z12 = [z11 + 4]
  z13 = call z12(b z10)
  z14 = [a + 0]
  z15 = [z14 + 0]
  z16 = call z15(a z13)
  print(z16)
  return y0
func A_init(this val)
  [this + 4] = val
  z17 = [this + 4]
  return z17
func A_set(this v)
  z18 = 1
  z19 = v + z18
  [this + 4] = z19
  z20 = [this + 4]
  return z20
func B_set(this v)
  z21 = 2
  z22 = v + z21
  [this + 8] = z22
  z23 = [this + 8]
  return z23
